// Jest Snapshot v1, https://goo.gl/fbAQLP

exports[`Should check rendering of EditExpensePgae 1`] = `
<div>
  <ExpenseForm
    expense={
      Object {
        "amount": 29000,
        "createdAt": 345600000,
        "description": "Credit Card",
        "id": "3",
        "notes": "",
      }
    }
    onSubmit={[Function]}
  />
  <button
    onClick={[Function]}
  >
    Remove Expense
  </button>
</div>
`;
