// Jest Snapshot v1, https://goo.gl/fbAQLP

exports[`should test ExpensList Item for one of the object from expenses array 1`] = `
<div>
  <Link
    to="/edit/1"
  >
    <h3>
      gum
    </h3>
  </Link>
  <p>
    $4.00
    -
    January 1st, 1970
  </p>
</div>
`;
