// Jest Snapshot v1, https://goo.gl/fbAQLP

exports[`Chechk header component using Shallow snapshot method 1`] = `
<header>
  <div>
    <h1>
      Expensify
    </h1>
    <NavLink
      activeClassName="is-active"
      exact={true}
      to="/"
    >
      Dashboard
    </NavLink>
    <br />
    <NavLink
      activeClassName="is-active"
      to="/create"
    >
      Create expense
    </NavLink>
    <br />
  </div>
</header>
`;
