// Jest Snapshot v1, https://goo.gl/fbAQLP

exports[`should check for Loadingpage 1`] = `
<div
  className="loader"
>
  <img
    className="loader--image"
    src="images/loader.gif"
  />
</div>
`;
