// Jest Snapshot v1, https://goo.gl/fbAQLP

exports[`Should test Page not found 1`] = `
<div>
  404 Error Not found 
  <Link
    to="/"
  >
    Go Home
  </Link>
</div>
`;
